  Geri y├╝klenecek projeler belirleniyor...
  Geri y├╝kleme i├ğin t├╝m projeler g├╝ncel.
  EntityLayer -> C:\Users\egeay\source\repos\KKTCSatiyorum\EntityLayer\bin\Debug\net8.0\EntityLayer.dll
C:\Users\egeay\source\repos\KKTCSatiyorum\DataAccessLayer\Abstract\IIlanDal.cs(1,7): error CS0246: 'BusinessLayer' t├╝r├╝ veya ad alan─▒ ad─▒ bulunamad─▒ (bir using y├Ânergeniz veya derleme ba┼şvurunuz mu eksik?) [C:\Users\egeay\source\repos\KKTCSatiyorum\DataAccessLayer\DataAccessLayer.csproj]
C:\Users\egeay\source\repos\KKTCSatiyorum\DataAccessLayer\Concrete\EfIlanDal.cs(1,7): error CS0246: 'BusinessLayer' t├╝r├╝ veya ad alan─▒ ad─▒ bulunamad─▒ (bir using y├Ânergeniz veya derleme ba┼şvurunuz mu eksik?) [C:\Users\egeay\source\repos\KKTCSatiyorum\DataAccessLayer\DataAccessLayer.csproj]
C:\Users\egeay\source\repos\KKTCSatiyorum\DataAccessLayer\Repositories\GenericRepository.cs(29,30): warning CS8613: 'Task<T> GenericRepository<T>.GetByIdAsync(object id, CancellationToken ct = default(CancellationToken))' d├Ân├╝┼ş t├╝r├╝ndeki ba┼şvuru t├╝rlerinin bo┼ş de─şer atanabilirli─şi, ├Ârt├╝k olarak uygulanan 'Task<T?> IGenericRepository<T>.GetByIdAsync(object id, CancellationToken ct = default(CancellationToken))' ├╝yesi ile e┼şle┼şmiyor. [C:\Users\egeay\source\repos\KKTCSatiyorum\DataAccessLayer\DataAccessLayer.csproj]
C:\Users\egeay\source\repos\KKTCSatiyorum\DataAccessLayer\Concrete\EfIlanFotografiDal.cs(12,73): warning CS8613: 'Task<IlanFotografi> GenericRepository<IlanFotografi>.GetByIdAsync(object id, CancellationToken ct = default(CancellationToken))' d├Ân├╝┼ş t├╝r├╝ndeki ba┼şvuru t├╝rlerinin bo┼ş de─şer atanabilirli─şi, ├Ârt├╝k olarak uygulanan 'Task<IlanFotografi?> IGenericRepository<IlanFotografi>.GetByIdAsync(object id, CancellationToken ct = default(CancellationToken))' ├╝yesi ile e┼şle┼şmiyor. [C:\Users\egeay\source\repos\KKTCSatiyorum\DataAccessLayer\DataAccessLayer.csproj]
C:\Users\egeay\source\repos\KKTCSatiyorum\DataAccessLayer\Concrete\EfIlanAlanDegeriDal.cs(12,75): warning CS8613: 'Task<IlanAlanDegeri> GenericRepository<IlanAlanDegeri>.GetByIdAsync(object id, CancellationToken ct = default(CancellationToken))' d├Ân├╝┼ş t├╝r├╝ndeki ba┼şvuru t├╝rlerinin bo┼ş de─şer atanabilirli─şi, ├Ârt├╝k olarak uygulanan 'Task<IlanAlanDegeri?> IGenericRepository<IlanAlanDegeri>.GetByIdAsync(object id, CancellationToken ct = default(CancellationToken))' ├╝yesi ile e┼şle┼şmiyor. [C:\Users\egeay\source\repos\KKTCSatiyorum\DataAccessLayer\DataAccessLayer.csproj]
C:\Users\egeay\source\repos\KKTCSatiyorum\DataAccessLayer\Concrete\EfBildirimDal.cs(13,63): warning CS8613: 'Task<Bildirim> GenericRepository<Bildirim>.GetByIdAsync(object id, CancellationToken ct = default(CancellationToken))' d├Ân├╝┼ş t├╝r├╝ndeki ba┼şvuru t├╝rlerinin bo┼ş de─şer atanabilirli─şi, ├Ârt├╝k olarak uygulanan 'Task<Bildirim?> IGenericRepository<Bildirim>.GetByIdAsync(object id, CancellationToken ct = default(CancellationToken))' ├╝yesi ile e┼şle┼şmiyor. [C:\Users\egeay\source\repos\KKTCSatiyorum\DataAccessLayer\DataAccessLayer.csproj]
C:\Users\egeay\source\repos\KKTCSatiyorum\DataAccessLayer\Abstract\IIlanDal.cs(19,26): error CS0246: 'PendingListingDto' t├╝r├╝ veya ad alan─▒ ad─▒ bulunamad─▒ (bir using y├Ânergeniz veya derleme ba┼şvurunuz mu eksik?) [C:\Users\egeay\source\repos\KKTCSatiyorum\DataAccessLayer\DataAccessLayer.csproj]
C:\Users\egeay\source\repos\KKTCSatiyorum\DataAccessLayer\Concrete\EfIlanDal.cs(202,39): error CS0246: 'PendingListingDto' t├╝r├╝ veya ad alan─▒ ad─▒ bulunamad─▒ (bir using y├Ânergeniz veya derleme ba┼şvurunuz mu eksik?) [C:\Users\egeay\source\repos\KKTCSatiyorum\DataAccessLayer\DataAccessLayer.csproj]
C:\Users\egeay\source\repos\KKTCSatiyorum\DataAccessLayer\Concrete\EfKategoriAlaniSecenegiDal.cs(7,89): warning CS8613: 'Task<KategoriAlaniSecenegi> GenericRepository<KategoriAlaniSecenegi>.GetByIdAsync(object id, CancellationToken ct = default(CancellationToken))' d├Ân├╝┼ş t├╝r├╝ndeki ba┼şvuru t├╝rlerinin bo┼ş de─şer atanabilirli─şi, ├Ârt├╝k olarak uygulanan 'Task<KategoriAlaniSecenegi?> IGenericRepository<KategoriAlaniSecenegi>.GetByIdAsync(object id, CancellationToken ct = default(CancellationToken))' ├╝yesi ile e┼şle┼şmiyor. [C:\Users\egeay\source\repos\KKTCSatiyorum\DataAccessLayer\DataAccessLayer.csproj]
C:\Users\egeay\source\repos\KKTCSatiyorum\DataAccessLayer\Concrete\EfIlanDal.cs(13,55): warning CS8613: 'Task<Ilan> GenericRepository<Ilan>.GetByIdAsync(object id, CancellationToken ct = default(CancellationToken))' d├Ân├╝┼ş t├╝r├╝ndeki ba┼şvuru t├╝rlerinin bo┼ş de─şer atanabilirli─şi, ├Ârt├╝k olarak uygulanan 'Task<Ilan?> IGenericRepository<Ilan>.GetByIdAsync(object id, CancellationToken ct = default(CancellationToken))' ├╝yesi ile e┼şle┼şmiyor. [C:\Users\egeay\source\repos\KKTCSatiyorum\DataAccessLayer\DataAccessLayer.csproj]
C:\Users\egeay\source\repos\KKTCSatiyorum\DataAccessLayer\Concrete\EfKategoriAlaniDal.cs(8,73): warning CS8613: 'Task<KategoriAlani> GenericRepository<KategoriAlani>.GetByIdAsync(object id, CancellationToken ct = default(CancellationToken))' d├Ân├╝┼ş t├╝r├╝ndeki ba┼şvuru t├╝rlerinin bo┼ş de─şer atanabilirli─şi, ├Ârt├╝k olarak uygulanan 'Task<KategoriAlani?> IGenericRepository<KategoriAlani>.GetByIdAsync(object id, CancellationToken ct = default(CancellationToken))' ├╝yesi ile e┼şle┼şmiyor. [C:\Users\egeay\source\repos\KKTCSatiyorum\DataAccessLayer\DataAccessLayer.csproj]
C:\Users\egeay\source\repos\KKTCSatiyorum\DataAccessLayer\Concrete\EfKategoriDal.cs(13,63): warning CS8613: 'Task<Kategori> GenericRepository<Kategori>.GetByIdAsync(object id, CancellationToken ct = default(CancellationToken))' d├Ân├╝┼ş t├╝r├╝ndeki ba┼şvuru t├╝rlerinin bo┼ş de─şer atanabilirli─şi, ├Ârt├╝k olarak uygulanan 'Task<Kategori?> IGenericRepository<Kategori>.GetByIdAsync(object id, CancellationToken ct = default(CancellationToken))' ├╝yesi ile e┼şle┼şmiyor. [C:\Users\egeay\source\repos\KKTCSatiyorum\DataAccessLayer\DataAccessLayer.csproj]

Olu┼şturma BA┼ŞARISIZ OLDU.

C:\Users\egeay\source\repos\KKTCSatiyorum\DataAccessLayer\Repositories\GenericRepository.cs(29,30): warning CS8613: 'Task<T> GenericRepository<T>.GetByIdAsync(object id, CancellationToken ct = default(CancellationToken))' d├Ân├╝┼ş t├╝r├╝ndeki ba┼şvuru t├╝rlerinin bo┼ş de─şer atanabilirli─şi, ├Ârt├╝k olarak uygulanan 'Task<T?> IGenericRepository<T>.GetByIdAsync(object id, CancellationToken ct = default(CancellationToken))' ├╝yesi ile e┼şle┼şmiyor. [C:\Users\egeay\source\repos\KKTCSatiyorum\DataAccessLayer\DataAccessLayer.csproj]
C:\Users\egeay\source\repos\KKTCSatiyorum\DataAccessLayer\Concrete\EfIlanFotografiDal.cs(12,73): warning CS8613: 'Task<IlanFotografi> GenericRepository<IlanFotografi>.GetByIdAsync(object id, CancellationToken ct = default(CancellationToken))' d├Ân├╝┼ş t├╝r├╝ndeki ba┼şvuru t├╝rlerinin bo┼ş de─şer atanabilirli─şi, ├Ârt├╝k olarak uygulanan 'Task<IlanFotografi?> IGenericRepository<IlanFotografi>.GetByIdAsync(object id, CancellationToken ct = default(CancellationToken))' ├╝yesi ile e┼şle┼şmiyor. [C:\Users\egeay\source\repos\KKTCSatiyorum\DataAccessLayer\DataAccessLayer.csproj]
C:\Users\egeay\source\repos\KKTCSatiyorum\DataAccessLayer\Concrete\EfIlanAlanDegeriDal.cs(12,75): warning CS8613: 'Task<IlanAlanDegeri> GenericRepository<IlanAlanDegeri>.GetByIdAsync(object id, CancellationToken ct = default(CancellationToken))' d├Ân├╝┼ş t├╝r├╝ndeki ba┼şvuru t├╝rlerinin bo┼ş de─şer atanabilirli─şi, ├Ârt├╝k olarak uygulanan 'Task<IlanAlanDegeri?> IGenericRepository<IlanAlanDegeri>.GetByIdAsync(object id, CancellationToken ct = default(CancellationToken))' ├╝yesi ile e┼şle┼şmiyor. [C:\Users\egeay\source\repos\KKTCSatiyorum\DataAccessLayer\DataAccessLayer.csproj]
C:\Users\egeay\source\repos\KKTCSatiyorum\DataAccessLayer\Concrete\EfBildirimDal.cs(13,63): warning CS8613: 'Task<Bildirim> GenericRepository<Bildirim>.GetByIdAsync(object id, CancellationToken ct = default(CancellationToken))' d├Ân├╝┼ş t├╝r├╝ndeki ba┼şvuru t├╝rlerinin bo┼ş de─şer atanabilirli─şi, ├Ârt├╝k olarak uygulanan 'Task<Bildirim?> IGenericRepository<Bildirim>.GetByIdAsync(object id, CancellationToken ct = default(CancellationToken))' ├╝yesi ile e┼şle┼şmiyor. [C:\Users\egeay\source\repos\KKTCSatiyorum\DataAccessLayer\DataAccessLayer.csproj]
C:\Users\egeay\source\repos\KKTCSatiyorum\DataAccessLayer\Concrete\EfKategoriAlaniSecenegiDal.cs(7,89): warning CS8613: 'Task<KategoriAlaniSecenegi> GenericRepository<KategoriAlaniSecenegi>.GetByIdAsync(object id, CancellationToken ct = default(CancellationToken))' d├Ân├╝┼ş t├╝r├╝ndeki ba┼şvuru t├╝rlerinin bo┼ş de─şer atanabilirli─şi, ├Ârt├╝k olarak uygulanan 'Task<KategoriAlaniSecenegi?> IGenericRepository<KategoriAlaniSecenegi>.GetByIdAsync(object id, CancellationToken ct = default(CancellationToken))' ├╝yesi ile e┼şle┼şmiyor. [C:\Users\egeay\source\repos\KKTCSatiyorum\DataAccessLayer\DataAccessLayer.csproj]
C:\Users\egeay\source\repos\KKTCSatiyorum\DataAccessLayer\Concrete\EfIlanDal.cs(13,55): warning CS8613: 'Task<Ilan> GenericRepository<Ilan>.GetByIdAsync(object id, CancellationToken ct = default(CancellationToken))' d├Ân├╝┼ş t├╝r├╝ndeki ba┼şvuru t├╝rlerinin bo┼ş de─şer atanabilirli─şi, ├Ârt├╝k olarak uygulanan 'Task<Ilan?> IGenericRepository<Ilan>.GetByIdAsync(object id, CancellationToken ct = default(CancellationToken))' ├╝yesi ile e┼şle┼şmiyor. [C:\Users\egeay\source\repos\KKTCSatiyorum\DataAccessLayer\DataAccessLayer.csproj]
C:\Users\egeay\source\repos\KKTCSatiyorum\DataAccessLayer\Concrete\EfKategoriAlaniDal.cs(8,73): warning CS8613: 'Task<KategoriAlani> GenericRepository<KategoriAlani>.GetByIdAsync(object id, CancellationToken ct = default(CancellationToken))' d├Ân├╝┼ş t├╝r├╝ndeki ba┼şvuru t├╝rlerinin bo┼ş de─şer atanabilirli─şi, ├Ârt├╝k olarak uygulanan 'Task<KategoriAlani?> IGenericRepository<KategoriAlani>.GetByIdAsync(object id, CancellationToken ct = default(CancellationToken))' ├╝yesi ile e┼şle┼şmiyor. [C:\Users\egeay\source\repos\KKTCSatiyorum\DataAccessLayer\DataAccessLayer.csproj]
C:\Users\egeay\source\repos\KKTCSatiyorum\DataAccessLayer\Concrete\EfKategoriDal.cs(13,63): warning CS8613: 'Task<Kategori> GenericRepository<Kategori>.GetByIdAsync(object id, CancellationToken ct = default(CancellationToken))' d├Ân├╝┼ş t├╝r├╝ndeki ba┼şvuru t├╝rlerinin bo┼ş de─şer atanabilirli─şi, ├Ârt├╝k olarak uygulanan 'Task<Kategori?> IGenericRepository<Kategori>.GetByIdAsync(object id, CancellationToken ct = default(CancellationToken))' ├╝yesi ile e┼şle┼şmiyor. [C:\Users\egeay\source\repos\KKTCSatiyorum\DataAccessLayer\DataAccessLayer.csproj]
C:\Users\egeay\source\repos\KKTCSatiyorum\DataAccessLayer\Abstract\IIlanDal.cs(1,7): error CS0246: 'BusinessLayer' t├╝r├╝ veya ad alan─▒ ad─▒ bulunamad─▒ (bir using y├Ânergeniz veya derleme ba┼şvurunuz mu eksik?) [C:\Users\egeay\source\repos\KKTCSatiyorum\DataAccessLayer\DataAccessLayer.csproj]
C:\Users\egeay\source\repos\KKTCSatiyorum\DataAccessLayer\Concrete\EfIlanDal.cs(1,7): error CS0246: 'BusinessLayer' t├╝r├╝ veya ad alan─▒ ad─▒ bulunamad─▒ (bir using y├Ânergeniz veya derleme ba┼şvurunuz mu eksik?) [C:\Users\egeay\source\repos\KKTCSatiyorum\DataAccessLayer\DataAccessLayer.csproj]
C:\Users\egeay\source\repos\KKTCSatiyorum\DataAccessLayer\Abstract\IIlanDal.cs(19,26): error CS0246: 'PendingListingDto' t├╝r├╝ veya ad alan─▒ ad─▒ bulunamad─▒ (bir using y├Ânergeniz veya derleme ba┼şvurunuz mu eksik?) [C:\Users\egeay\source\repos\KKTCSatiyorum\DataAccessLayer\DataAccessLayer.csproj]
C:\Users\egeay\source\repos\KKTCSatiyorum\DataAccessLayer\Concrete\EfIlanDal.cs(202,39): error CS0246: 'PendingListingDto' t├╝r├╝ veya ad alan─▒ ad─▒ bulunamad─▒ (bir using y├Ânergeniz veya derleme ba┼şvurunuz mu eksik?) [C:\Users\egeay\source\repos\KKTCSatiyorum\DataAccessLayer\DataAccessLayer.csproj]
    8 Uyar─▒
    4 Hata

Ge├ğen S├╝re 00:00:02.58
