  Geri y├╝klenecek projeler belirleniyor...
  Geri y├╝kleme i├ğin t├╝m projeler g├╝ncel.
  EntityLayer -> C:\Users\egeay\source\repos\KKTCSatiyorum\EntityLayer\bin\Debug\net8.0\EntityLayer.dll
  DataAccessLayer -> C:\Users\egeay\source\repos\KKTCSatiyorum\DataAccessLayer\bin\Debug\net8.0\DataAccessLayer.dll
  BusinessLayer -> C:\Users\egeay\source\repos\KKTCSatiyorum\BusinessLayer\bin\Debug\net8.0\BusinessLayer.dll
C:\Program Files\dotnet\sdk\9.0.305\Microsoft.Common.CurrentVersion.targets(5093,5): warning MSB3026: "C:\Users\egeay\source\repos\KKTCSatiyorum\DataAccessLayer\bin\Debug\net8.0\DataAccessLayer.dll", "bin\Debug\net8.0\DataAccessLayer.dll" ├╝zerine kopyalanamad─▒. 1 numaral─▒ yeniden denemeye 1000 ms i├ğinde ba┼şlanacak. The process cannot access the file 'C:\Users\egeay\source\repos\KKTCSatiyorum\KKTCSatiyorum\bin\Debug\net8.0\DataAccessLayer.dll' because it is being used by another process. Dosya ┼şunun taraf─▒ndan kilitlendi: "KKTCSatiyorum (24116)" [C:\Users\egeay\source\repos\KKTCSatiyorum\KKTCSatiyorum\KKTCSatiyorum.csproj]
C:\Program Files\dotnet\sdk\9.0.305\Microsoft.Common.CurrentVersion.targets(5093,5): warning MSB3026: "C:\Users\egeay\source\repos\KKTCSatiyorum\EntityLayer\bin\Debug\net8.0\EntityLayer.dll", "bin\Debug\net8.0\EntityLayer.dll" ├╝zerine kopyalanamad─▒. 1 numaral─▒ yeniden denemeye 1000 ms i├ğinde ba┼şlanacak. The process cannot access the file 'C:\Users\egeay\source\repos\KKTCSatiyorum\KKTCSatiyorum\bin\Debug\net8.0\EntityLayer.dll' because it is being used by another process. Dosya ┼şunun taraf─▒ndan kilitlendi: "KKTCSatiyorum (24116)" [C:\Users\egeay\source\repos\KKTCSatiyorum\KKTCSatiyorum\KKTCSatiyorum.csproj]
C:\Program Files\dotnet\sdk\9.0.305\Microsoft.Common.CurrentVersion.targets(5093,5): warning MSB3026: "C:\Users\egeay\source\repos\KKTCSatiyorum\BusinessLayer\bin\Debug\net8.0\BusinessLayer.dll", "bin\Debug\net8.0\BusinessLayer.dll" ├╝zerine kopyalanamad─▒. 1 numaral─▒ yeniden denemeye 1000 ms i├ğinde ba┼şlanacak. The process cannot access the file 'C:\Users\egeay\source\repos\KKTCSatiyorum\KKTCSatiyorum\bin\Debug\net8.0\BusinessLayer.dll' because it is being used by another process. Dosya ┼şunun taraf─▒ndan kilitlendi: "KKTCSatiyorum (24116)" [C:\Users\egeay\source\repos\KKTCSatiyorum\KKTCSatiyorum\KKTCSatiyorum.csproj]
C:\Program Files\dotnet\sdk\9.0.305\Microsoft.Common.CurrentVersion.targets(5093,5): warning MSB3026: "C:\Users\egeay\source\repos\KKTCSatiyorum\EntityLayer\bin\Debug\net8.0\EntityLayer.dll", "bin\Debug\net8.0\EntityLayer.dll" ├╝zerine kopyalanamad─▒. 2 numaral─▒ yeniden denemeye 1000 ms i├ğinde ba┼şlanacak. The process cannot access the file 'C:\Users\egeay\source\repos\KKTCSatiyorum\KKTCSatiyorum\bin\Debug\net8.0\EntityLayer.dll' because it is being used by another process. Dosya ┼şunun taraf─▒ndan kilitlendi: "KKTCSatiyorum (24116)" [C:\Users\egeay\source\repos\KKTCSatiyorum\KKTCSatiyorum\KKTCSatiyorum.csproj]
C:\Program Files\dotnet\sdk\9.0.305\Microsoft.Common.CurrentVersion.targets(5093,5): warning MSB3026: "C:\Users\egeay\source\repos\KKTCSatiyorum\BusinessLayer\bin\Debug\net8.0\BusinessLayer.dll", "bin\Debug\net8.0\BusinessLayer.dll" ├╝zerine kopyalanamad─▒. 2 numaral─▒ yeniden denemeye 1000 ms i├ğinde ba┼şlanacak. The process cannot access the file 'C:\Users\egeay\source\repos\KKTCSatiyorum\KKTCSatiyorum\bin\Debug\net8.0\BusinessLayer.dll' because it is being used by another process. Dosya ┼şunun taraf─▒ndan kilitlendi: "KKTCSatiyorum (24116)" [C:\Users\egeay\source\repos\KKTCSatiyorum\KKTCSatiyorum\KKTCSatiyorum.csproj]
C:\Program Files\dotnet\sdk\9.0.305\Microsoft.Common.CurrentVersion.targets(5093,5): warning MSB3026: "C:\Users\egeay\source\repos\KKTCSatiyorum\DataAccessLayer\bin\Debug\net8.0\DataAccessLayer.dll", "bin\Debug\net8.0\DataAccessLayer.dll" ├╝zerine kopyalanamad─▒. 2 numaral─▒ yeniden denemeye 1000 ms i├ğinde ba┼şlanacak. The process cannot access the file 'C:\Users\egeay\source\repos\KKTCSatiyorum\KKTCSatiyorum\bin\Debug\net8.0\DataAccessLayer.dll' because it is being used by another process. Dosya ┼şunun taraf─▒ndan kilitlendi: "KKTCSatiyorum (24116)" [C:\Users\egeay\source\repos\KKTCSatiyorum\KKTCSatiyorum\KKTCSatiyorum.csproj]
C:\Program Files\dotnet\sdk\9.0.305\Microsoft.Common.CurrentVersion.targets(5093,5): warning MSB3026: "C:\Users\egeay\source\repos\KKTCSatiyorum\BusinessLayer\bin\Debug\net8.0\BusinessLayer.dll", "bin\Debug\net8.0\BusinessLayer.dll" ├╝zerine kopyalanamad─▒. 3 numaral─▒ yeniden denemeye 1000 ms i├ğinde ba┼şlanacak. The process cannot access the file 'C:\Users\egeay\source\repos\KKTCSatiyorum\KKTCSatiyorum\bin\Debug\net8.0\BusinessLayer.dll' because it is being used by another process. Dosya ┼şunun taraf─▒ndan kilitlendi: "KKTCSatiyorum (24116)" [C:\Users\egeay\source\repos\KKTCSatiyorum\KKTCSatiyorum\KKTCSatiyorum.csproj]
C:\Program Files\dotnet\sdk\9.0.305\Microsoft.Common.CurrentVersion.targets(5093,5): warning MSB3026: "C:\Users\egeay\source\repos\KKTCSatiyorum\DataAccessLayer\bin\Debug\net8.0\DataAccessLayer.dll", "bin\Debug\net8.0\DataAccessLayer.dll" ├╝zerine kopyalanamad─▒. 3 numaral─▒ yeniden denemeye 1000 ms i├ğinde ba┼şlanacak. The process cannot access the file 'C:\Users\egeay\source\repos\KKTCSatiyorum\KKTCSatiyorum\bin\Debug\net8.0\DataAccessLayer.dll' because it is being used by another process. Dosya ┼şunun taraf─▒ndan kilitlendi: "KKTCSatiyorum (24116)" [C:\Users\egeay\source\repos\KKTCSatiyorum\KKTCSatiyorum\KKTCSatiyorum.csproj]
C:\Program Files\dotnet\sdk\9.0.305\Microsoft.Common.CurrentVersion.targets(5093,5): warning MSB3026: "C:\Users\egeay\source\repos\KKTCSatiyorum\EntityLayer\bin\Debug\net8.0\EntityLayer.dll", "bin\Debug\net8.0\EntityLayer.dll" ├╝zerine kopyalanamad─▒. 3 numaral─▒ yeniden denemeye 1000 ms i├ğinde ba┼şlanacak. The process cannot access the file 'C:\Users\egeay\source\repos\KKTCSatiyorum\KKTCSatiyorum\bin\Debug\net8.0\EntityLayer.dll' because it is being used by another process. Dosya ┼şunun taraf─▒ndan kilitlendi: "KKTCSatiyorum (24116)" [C:\Users\egeay\source\repos\KKTCSatiyorum\KKTCSatiyorum\KKTCSatiyorum.csproj]
C:\Program Files\dotnet\sdk\9.0.305\Microsoft.Common.CurrentVersion.targets(5093,5): warning MSB3026: "C:\Users\egeay\source\repos\KKTCSatiyorum\EntityLayer\bin\Debug\net8.0\EntityLayer.dll", "bin\Debug\net8.0\EntityLayer.dll" ├╝zerine kopyalanamad─▒. 4 numaral─▒ yeniden denemeye 1000 ms i├ğinde ba┼şlanacak. The process cannot access the file 'C:\Users\egeay\source\repos\KKTCSatiyorum\KKTCSatiyorum\bin\Debug\net8.0\EntityLayer.dll' because it is being used by another process. Dosya ┼şunun taraf─▒ndan kilitlendi: "KKTCSatiyorum (24116)" [C:\Users\egeay\source\repos\KKTCSatiyorum\KKTCSatiyorum\KKTCSatiyorum.csproj]
C:\Program Files\dotnet\sdk\9.0.305\Microsoft.Common.CurrentVersion.targets(5093,5): warning MSB3026: "C:\Users\egeay\source\repos\KKTCSatiyorum\DataAccessLayer\bin\Debug\net8.0\DataAccessLayer.dll", "bin\Debug\net8.0\DataAccessLayer.dll" ├╝zerine kopyalanamad─▒. 4 numaral─▒ yeniden denemeye 1000 ms i├ğinde ba┼şlanacak. The process cannot access the file 'C:\Users\egeay\source\repos\KKTCSatiyorum\KKTCSatiyorum\bin\Debug\net8.0\DataAccessLayer.dll' because it is being used by another process. Dosya ┼şunun taraf─▒ndan kilitlendi: "KKTCSatiyorum (24116)" [C:\Users\egeay\source\repos\KKTCSatiyorum\KKTCSatiyorum\KKTCSatiyorum.csproj]
C:\Program Files\dotnet\sdk\9.0.305\Microsoft.Common.CurrentVersion.targets(5093,5): warning MSB3026: "C:\Users\egeay\source\repos\KKTCSatiyorum\BusinessLayer\bin\Debug\net8.0\BusinessLayer.dll", "bin\Debug\net8.0\BusinessLayer.dll" ├╝zerine kopyalanamad─▒. 4 numaral─▒ yeniden denemeye 1000 ms i├ğinde ba┼şlanacak. The process cannot access the file 'C:\Users\egeay\source\repos\KKTCSatiyorum\KKTCSatiyorum\bin\Debug\net8.0\BusinessLayer.dll' because it is being used by another process. Dosya ┼şunun taraf─▒ndan kilitlendi: "KKTCSatiyorum (24116)" [C:\Users\egeay\source\repos\KKTCSatiyorum\KKTCSatiyorum\KKTCSatiyorum.csproj]
C:\Program Files\dotnet\sdk\9.0.305\Microsoft.Common.CurrentVersion.targets(5093,5): warning MSB3026: "C:\Users\egeay\source\repos\KKTCSatiyorum\BusinessLayer\bin\Debug\net8.0\BusinessLayer.dll", "bin\Debug\net8.0\BusinessLayer.dll" ├╝zerine kopyalanamad─▒. 5 numaral─▒ yeniden denemeye 1000 ms i├ğinde ba┼şlanacak. The process cannot access the file 'C:\Users\egeay\source\repos\KKTCSatiyorum\KKTCSatiyorum\bin\Debug\net8.0\BusinessLayer.dll' because it is being used by another process. Dosya ┼şunun taraf─▒ndan kilitlendi: "KKTCSatiyorum (24116)" [C:\Users\egeay\source\repos\KKTCSatiyorum\KKTCSatiyorum\KKTCSatiyorum.csproj]
C:\Program Files\dotnet\sdk\9.0.305\Microsoft.Common.CurrentVersion.targets(5093,5): warning MSB3026: "C:\Users\egeay\source\repos\KKTCSatiyorum\EntityLayer\bin\Debug\net8.0\EntityLayer.dll", "bin\Debug\net8.0\EntityLayer.dll" ├╝zerine kopyalanamad─▒. 5 numaral─▒ yeniden denemeye 1000 ms i├ğinde ba┼şlanacak. The process cannot access the file 'C:\Users\egeay\source\repos\KKTCSatiyorum\KKTCSatiyorum\bin\Debug\net8.0\EntityLayer.dll' because it is being used by another process. Dosya ┼şunun taraf─▒ndan kilitlendi: "KKTCSatiyorum (24116)" [C:\Users\egeay\source\repos\KKTCSatiyorum\KKTCSatiyorum\KKTCSatiyorum.csproj]
C:\Program Files\dotnet\sdk\9.0.305\Microsoft.Common.CurrentVersion.targets(5093,5): warning MSB3026: "C:\Users\egeay\source\repos\KKTCSatiyorum\DataAccessLayer\bin\Debug\net8.0\DataAccessLayer.dll", "bin\Debug\net8.0\DataAccessLayer.dll" ├╝zerine kopyalanamad─▒. 5 numaral─▒ yeniden denemeye 1000 ms i├ğinde ba┼şlanacak. The process cannot access the file 'C:\Users\egeay\source\repos\KKTCSatiyorum\KKTCSatiyorum\bin\Debug\net8.0\DataAccessLayer.dll' because it is being used by another process. Dosya ┼şunun taraf─▒ndan kilitlendi: "KKTCSatiyorum (24116)" [C:\Users\egeay\source\repos\KKTCSatiyorum\KKTCSatiyorum\KKTCSatiyorum.csproj]
C:\Program Files\dotnet\sdk\9.0.305\Microsoft.Common.CurrentVersion.targets(5093,5): warning MSB3026: "C:\Users\egeay\source\repos\KKTCSatiyorum\EntityLayer\bin\Debug\net8.0\EntityLayer.dll", "bin\Debug\net8.0\EntityLayer.dll" ├╝zerine kopyalanamad─▒. 6 numaral─▒ yeniden denemeye 1000 ms i├ğinde ba┼şlanacak. The process cannot access the file 'C:\Users\egeay\source\repos\KKTCSatiyorum\KKTCSatiyorum\bin\Debug\net8.0\EntityLayer.dll' because it is being used by another process. Dosya ┼şunun taraf─▒ndan kilitlendi: "KKTCSatiyorum (24116)" [C:\Users\egeay\source\repos\KKTCSatiyorum\KKTCSatiyorum\KKTCSatiyorum.csproj]
C:\Program Files\dotnet\sdk\9.0.305\Microsoft.Common.CurrentVersion.targets(5093,5): warning MSB3026: "C:\Users\egeay\source\repos\KKTCSatiyorum\DataAccessLayer\bin\Debug\net8.0\DataAccessLayer.dll", "bin\Debug\net8.0\DataAccessLayer.dll" ├╝zerine kopyalanamad─▒. 6 numaral─▒ yeniden denemeye 1000 ms i├ğinde ba┼şlanacak. The process cannot access the file 'C:\Users\egeay\source\repos\KKTCSatiyorum\KKTCSatiyorum\bin\Debug\net8.0\DataAccessLayer.dll' because it is being used by another process. Dosya ┼şunun taraf─▒ndan kilitlendi: "KKTCSatiyorum (24116)" [C:\Users\egeay\source\repos\KKTCSatiyorum\KKTCSatiyorum\KKTCSatiyorum.csproj]
C:\Program Files\dotnet\sdk\9.0.305\Microsoft.Common.CurrentVersion.targets(5093,5): warning MSB3026: "C:\Users\egeay\source\repos\KKTCSatiyorum\BusinessLayer\bin\Debug\net8.0\BusinessLayer.dll", "bin\Debug\net8.0\BusinessLayer.dll" ├╝zerine kopyalanamad─▒. 6 numaral─▒ yeniden denemeye 1000 ms i├ğinde ba┼şlanacak. The process cannot access the file 'C:\Users\egeay\source\repos\KKTCSatiyorum\KKTCSatiyorum\bin\Debug\net8.0\BusinessLayer.dll' because it is being used by another process. Dosya ┼şunun taraf─▒ndan kilitlendi: "KKTCSatiyorum (24116)" [C:\Users\egeay\source\repos\KKTCSatiyorum\KKTCSatiyorum\KKTCSatiyorum.csproj]
C:\Program Files\dotnet\sdk\9.0.305\Microsoft.Common.CurrentVersion.targets(5093,5): warning MSB3026: "C:\Users\egeay\source\repos\KKTCSatiyorum\EntityLayer\bin\Debug\net8.0\EntityLayer.dll", "bin\Debug\net8.0\EntityLayer.dll" ├╝zerine kopyalanamad─▒. 7 numaral─▒ yeniden denemeye 1000 ms i├ğinde ba┼şlanacak. The process cannot access the file 'C:\Users\egeay\source\repos\KKTCSatiyorum\KKTCSatiyorum\bin\Debug\net8.0\EntityLayer.dll' because it is being used by another process. Dosya ┼şunun taraf─▒ndan kilitlendi: "KKTCSatiyorum (24116)" [C:\Users\egeay\source\repos\KKTCSatiyorum\KKTCSatiyorum\KKTCSatiyorum.csproj]
C:\Program Files\dotnet\sdk\9.0.305\Microsoft.Common.CurrentVersion.targets(5093,5): warning MSB3026: "C:\Users\egeay\source\repos\KKTCSatiyorum\DataAccessLayer\bin\Debug\net8.0\DataAccessLayer.dll", "bin\Debug\net8.0\DataAccessLayer.dll" ├╝zerine kopyalanamad─▒. 7 numaral─▒ yeniden denemeye 1000 ms i├ğinde ba┼şlanacak. The process cannot access the file 'C:\Users\egeay\source\repos\KKTCSatiyorum\KKTCSatiyorum\bin\Debug\net8.0\DataAccessLayer.dll' because it is being used by another process. Dosya ┼şunun taraf─▒ndan kilitlendi: "KKTCSatiyorum (24116)" [C:\Users\egeay\source\repos\KKTCSatiyorum\KKTCSatiyorum\KKTCSatiyorum.csproj]
C:\Program Files\dotnet\sdk\9.0.305\Microsoft.Common.CurrentVersion.targets(5093,5): warning MSB3026: "C:\Users\egeay\source\repos\KKTCSatiyorum\BusinessLayer\bin\Debug\net8.0\BusinessLayer.dll", "bin\Debug\net8.0\BusinessLayer.dll" ├╝zerine kopyalanamad─▒. 7 numaral─▒ yeniden denemeye 1000 ms i├ğinde ba┼şlanacak. The process cannot access the file 'C:\Users\egeay\source\repos\KKTCSatiyorum\KKTCSatiyorum\bin\Debug\net8.0\BusinessLayer.dll' because it is being used by another process. Dosya ┼şunun taraf─▒ndan kilitlendi: "KKTCSatiyorum (24116)" [C:\Users\egeay\source\repos\KKTCSatiyorum\KKTCSatiyorum\KKTCSatiyorum.csproj]
C:\Program Files\dotnet\sdk\9.0.305\Microsoft.Common.CurrentVersion.targets(5093,5): warning MSB3026: "C:\Users\egeay\source\repos\KKTCSatiyorum\DataAccessLayer\bin\Debug\net8.0\DataAccessLayer.dll", "bin\Debug\net8.0\DataAccessLayer.dll" ├╝zerine kopyalanamad─▒. 8 numaral─▒ yeniden denemeye 1000 ms i├ğinde ba┼şlanacak. The process cannot access the file 'C:\Users\egeay\source\repos\KKTCSatiyorum\KKTCSatiyorum\bin\Debug\net8.0\DataAccessLayer.dll' because it is being used by another process. Dosya ┼şunun taraf─▒ndan kilitlendi: "KKTCSatiyorum (24116)" [C:\Users\egeay\source\repos\KKTCSatiyorum\KKTCSatiyorum\KKTCSatiyorum.csproj]
C:\Program Files\dotnet\sdk\9.0.305\Microsoft.Common.CurrentVersion.targets(5093,5): warning MSB3026: "C:\Users\egeay\source\repos\KKTCSatiyorum\BusinessLayer\bin\Debug\net8.0\BusinessLayer.dll", "bin\Debug\net8.0\BusinessLayer.dll" ├╝zerine kopyalanamad─▒. 8 numaral─▒ yeniden denemeye 1000 ms i├ğinde ba┼şlanacak. The process cannot access the file 'C:\Users\egeay\source\repos\KKTCSatiyorum\KKTCSatiyorum\bin\Debug\net8.0\BusinessLayer.dll' because it is being used by another process. Dosya ┼şunun taraf─▒ndan kilitlendi: "KKTCSatiyorum (24116)" [C:\Users\egeay\source\repos\KKTCSatiyorum\KKTCSatiyorum\KKTCSatiyorum.csproj]
C:\Program Files\dotnet\sdk\9.0.305\Microsoft.Common.CurrentVersion.targets(5093,5): warning MSB3026: "C:\Users\egeay\source\repos\KKTCSatiyorum\EntityLayer\bin\Debug\net8.0\EntityLayer.dll", "bin\Debug\net8.0\EntityLayer.dll" ├╝zerine kopyalanamad─▒. 8 numaral─▒ yeniden denemeye 1000 ms i├ğinde ba┼şlanacak. The process cannot access the file 'C:\Users\egeay\source\repos\KKTCSatiyorum\KKTCSatiyorum\bin\Debug\net8.0\EntityLayer.dll' because it is being used by another process. Dosya ┼şunun taraf─▒ndan kilitlendi: "KKTCSatiyorum (24116)" [C:\Users\egeay\source\repos\KKTCSatiyorum\KKTCSatiyorum\KKTCSatiyorum.csproj]
C:\Program Files\dotnet\sdk\9.0.305\Microsoft.Common.CurrentVersion.targets(5093,5): warning MSB3026: "C:\Users\egeay\source\repos\KKTCSatiyorum\BusinessLayer\bin\Debug\net8.0\BusinessLayer.dll", "bin\Debug\net8.0\BusinessLayer.dll" ├╝zerine kopyalanamad─▒. 9 numaral─▒ yeniden denemeye 1000 ms i├ğinde ba┼şlanacak. The process cannot access the file 'C:\Users\egeay\source\repos\KKTCSatiyorum\KKTCSatiyorum\bin\Debug\net8.0\BusinessLayer.dll' because it is being used by another process. Dosya ┼şunun taraf─▒ndan kilitlendi: "KKTCSatiyorum (24116)" [C:\Users\egeay\source\repos\KKTCSatiyorum\KKTCSatiyorum\KKTCSatiyorum.csproj]
C:\Program Files\dotnet\sdk\9.0.305\Microsoft.Common.CurrentVersion.targets(5093,5): warning MSB3026: "C:\Users\egeay\source\repos\KKTCSatiyorum\DataAccessLayer\bin\Debug\net8.0\DataAccessLayer.dll", "bin\Debug\net8.0\DataAccessLayer.dll" ├╝zerine kopyalanamad─▒. 9 numaral─▒ yeniden denemeye 1000 ms i├ğinde ba┼şlanacak. The process cannot access the file 'C:\Users\egeay\source\repos\KKTCSatiyorum\KKTCSatiyorum\bin\Debug\net8.0\DataAccessLayer.dll' because it is being used by another process. Dosya ┼şunun taraf─▒ndan kilitlendi: "KKTCSatiyorum (24116)" [C:\Users\egeay\source\repos\KKTCSatiyorum\KKTCSatiyorum\KKTCSatiyorum.csproj]
C:\Program Files\dotnet\sdk\9.0.305\Microsoft.Common.CurrentVersion.targets(5093,5): warning MSB3026: "C:\Users\egeay\source\repos\KKTCSatiyorum\EntityLayer\bin\Debug\net8.0\EntityLayer.dll", "bin\Debug\net8.0\EntityLayer.dll" ├╝zerine kopyalanamad─▒. 9 numaral─▒ yeniden denemeye 1000 ms i├ğinde ba┼şlanacak. The process cannot access the file 'C:\Users\egeay\source\repos\KKTCSatiyorum\KKTCSatiyorum\bin\Debug\net8.0\EntityLayer.dll' because it is being used by another process. Dosya ┼şunun taraf─▒ndan kilitlendi: "KKTCSatiyorum (24116)" [C:\Users\egeay\source\repos\KKTCSatiyorum\KKTCSatiyorum\KKTCSatiyorum.csproj]
C:\Program Files\dotnet\sdk\9.0.305\Microsoft.Common.CurrentVersion.targets(5093,5): warning MSB3026: "C:\Users\egeay\source\repos\KKTCSatiyorum\DataAccessLayer\bin\Debug\net8.0\DataAccessLayer.dll", "bin\Debug\net8.0\DataAccessLayer.dll" ├╝zerine kopyalanamad─▒. 10 numaral─▒ yeniden denemeye 1000 ms i├ğinde ba┼şlanacak. The process cannot access the file 'C:\Users\egeay\source\repos\KKTCSatiyorum\KKTCSatiyorum\bin\Debug\net8.0\DataAccessLayer.dll' because it is being used by another process. Dosya ┼şunun taraf─▒ndan kilitlendi: "KKTCSatiyorum (24116)" [C:\Users\egeay\source\repos\KKTCSatiyorum\KKTCSatiyorum\KKTCSatiyorum.csproj]
C:\Program Files\dotnet\sdk\9.0.305\Microsoft.Common.CurrentVersion.targets(5093,5): warning MSB3026: "C:\Users\egeay\source\repos\KKTCSatiyorum\BusinessLayer\bin\Debug\net8.0\BusinessLayer.dll", "bin\Debug\net8.0\BusinessLayer.dll" ├╝zerine kopyalanamad─▒. 10 numaral─▒ yeniden denemeye 1000 ms i├ğinde ba┼şlanacak. The process cannot access the file 'C:\Users\egeay\source\repos\KKTCSatiyorum\KKTCSatiyorum\bin\Debug\net8.0\BusinessLayer.dll' because it is being used by another process. Dosya ┼şunun taraf─▒ndan kilitlendi: "KKTCSatiyorum (24116)" [C:\Users\egeay\source\repos\KKTCSatiyorum\KKTCSatiyorum\KKTCSatiyorum.csproj]
C:\Program Files\dotnet\sdk\9.0.305\Microsoft.Common.CurrentVersion.targets(5093,5): warning MSB3026: "C:\Users\egeay\source\repos\KKTCSatiyorum\EntityLayer\bin\Debug\net8.0\EntityLayer.dll", "bin\Debug\net8.0\EntityLayer.dll" ├╝zerine kopyalanamad─▒. 10 numaral─▒ yeniden denemeye 1000 ms i├ğinde ba┼şlanacak. The process cannot access the file 'C:\Users\egeay\source\repos\KKTCSatiyorum\KKTCSatiyorum\bin\Debug\net8.0\EntityLayer.dll' because it is being used by another process. Dosya ┼şunun taraf─▒ndan kilitlendi: "KKTCSatiyorum (24116)" [C:\Users\egeay\source\repos\KKTCSatiyorum\KKTCSatiyorum\KKTCSatiyorum.csproj]
C:\Program Files\dotnet\sdk\9.0.305\Microsoft.Common.CurrentVersion.targets(5093,5): error MSB3027: "C:\Users\egeay\source\repos\KKTCSatiyorum\DataAccessLayer\bin\Debug\net8.0\DataAccessLayer.dll", "bin\Debug\net8.0\DataAccessLayer.dll" ├╝zerine kopyalanamad─▒. 10 yeniden deneme say─▒s─▒ a┼ş─▒ld─▒. Ba┼şar─▒s─▒z oldu. Dosya ┼şunun taraf─▒ndan kilitlendi: "KKTCSatiyorum (24116)" [C:\Users\egeay\source\repos\KKTCSatiyorum\KKTCSatiyorum\KKTCSatiyorum.csproj]
C:\Program Files\dotnet\sdk\9.0.305\Microsoft.Common.CurrentVersion.targets(5093,5): error MSB3027: "C:\Users\egeay\source\repos\KKTCSatiyorum\EntityLayer\bin\Debug\net8.0\EntityLayer.dll", "bin\Debug\net8.0\EntityLayer.dll" ├╝zerine kopyalanamad─▒. 10 yeniden deneme say─▒s─▒ a┼ş─▒ld─▒. Ba┼şar─▒s─▒z oldu. Dosya ┼şunun taraf─▒ndan kilitlendi: "KKTCSatiyorum (24116)" [C:\Users\egeay\source\repos\KKTCSatiyorum\KKTCSatiyorum\KKTCSatiyorum.csproj]
C:\Program Files\dotnet\sdk\9.0.305\Microsoft.Common.CurrentVersion.targets(5093,5): error MSB3021: "C:\Users\egeay\source\repos\KKTCSatiyorum\DataAccessLayer\bin\Debug\net8.0\DataAccessLayer.dll" dosyas─▒ "bin\Debug\net8.0\DataAccessLayer.dll" ├╝zerine kopyalanam─▒yor. The process cannot access the file 'C:\Users\egeay\source\repos\KKTCSatiyorum\KKTCSatiyorum\bin\Debug\net8.0\DataAccessLayer.dll' because it is being used by another process. [C:\Users\egeay\source\repos\KKTCSatiyorum\KKTCSatiyorum\KKTCSatiyorum.csproj]
C:\Program Files\dotnet\sdk\9.0.305\Microsoft.Common.CurrentVersion.targets(5093,5): error MSB3021: "C:\Users\egeay\source\repos\KKTCSatiyorum\EntityLayer\bin\Debug\net8.0\EntityLayer.dll" dosyas─▒ "bin\Debug\net8.0\EntityLayer.dll" ├╝zerine kopyalanam─▒yor. The process cannot access the file 'C:\Users\egeay\source\repos\KKTCSatiyorum\KKTCSatiyorum\bin\Debug\net8.0\EntityLayer.dll' because it is being used by another process. [C:\Users\egeay\source\repos\KKTCSatiyorum\KKTCSatiyorum\KKTCSatiyorum.csproj]
C:\Program Files\dotnet\sdk\9.0.305\Microsoft.Common.CurrentVersion.targets(5093,5): error MSB3027: "C:\Users\egeay\source\repos\KKTCSatiyorum\BusinessLayer\bin\Debug\net8.0\BusinessLayer.dll", "bin\Debug\net8.0\BusinessLayer.dll" ├╝zerine kopyalanamad─▒. 10 yeniden deneme say─▒s─▒ a┼ş─▒ld─▒. Ba┼şar─▒s─▒z oldu. Dosya ┼şunun taraf─▒ndan kilitlendi: "KKTCSatiyorum (24116)" [C:\Users\egeay\source\repos\KKTCSatiyorum\KKTCSatiyorum\KKTCSatiyorum.csproj]
C:\Program Files\dotnet\sdk\9.0.305\Microsoft.Common.CurrentVersion.targets(5093,5): error MSB3021: "C:\Users\egeay\source\repos\KKTCSatiyorum\BusinessLayer\bin\Debug\net8.0\BusinessLayer.dll" dosyas─▒ "bin\Debug\net8.0\BusinessLayer.dll" ├╝zerine kopyalanam─▒yor. The process cannot access the file 'C:\Users\egeay\source\repos\KKTCSatiyorum\KKTCSatiyorum\bin\Debug\net8.0\BusinessLayer.dll' because it is being used by another process. [C:\Users\egeay\source\repos\KKTCSatiyorum\KKTCSatiyorum\KKTCSatiyorum.csproj]

Olu┼şturma BA┼ŞARISIZ OLDU.

C:\Program Files\dotnet\sdk\9.0.305\Microsoft.Common.CurrentVersion.targets(5093,5): warning MSB3026: "C:\Users\egeay\source\repos\KKTCSatiyorum\DataAccessLayer\bin\Debug\net8.0\DataAccessLayer.dll", "bin\Debug\net8.0\DataAccessLayer.dll" ├╝zerine kopyalanamad─▒. 1 numaral─▒ yeniden denemeye 1000 ms i├ğinde ba┼şlanacak. The process cannot access the file 'C:\Users\egeay\source\repos\KKTCSatiyorum\KKTCSatiyorum\bin\Debug\net8.0\DataAccessLayer.dll' because it is being used by another process. Dosya ┼şunun taraf─▒ndan kilitlendi: "KKTCSatiyorum (24116)" [C:\Users\egeay\source\repos\KKTCSatiyorum\KKTCSatiyorum\KKTCSatiyorum.csproj]
C:\Program Files\dotnet\sdk\9.0.305\Microsoft.Common.CurrentVersion.targets(5093,5): warning MSB3026: "C:\Users\egeay\source\repos\KKTCSatiyorum\EntityLayer\bin\Debug\net8.0\EntityLayer.dll", "bin\Debug\net8.0\EntityLayer.dll" ├╝zerine kopyalanamad─▒. 1 numaral─▒ yeniden denemeye 1000 ms i├ğinde ba┼şlanacak. The process cannot access the file 'C:\Users\egeay\source\repos\KKTCSatiyorum\KKTCSatiyorum\bin\Debug\net8.0\EntityLayer.dll' because it is being used by another process. Dosya ┼şunun taraf─▒ndan kilitlendi: "KKTCSatiyorum (24116)" [C:\Users\egeay\source\repos\KKTCSatiyorum\KKTCSatiyorum\KKTCSatiyorum.csproj]
C:\Program Files\dotnet\sdk\9.0.305\Microsoft.Common.CurrentVersion.targets(5093,5): warning MSB3026: "C:\Users\egeay\source\repos\KKTCSatiyorum\BusinessLayer\bin\Debug\net8.0\BusinessLayer.dll", "bin\Debug\net8.0\BusinessLayer.dll" ├╝zerine kopyalanamad─▒. 1 numaral─▒ yeniden denemeye 1000 ms i├ğinde ba┼şlanacak. The process cannot access the file 'C:\Users\egeay\source\repos\KKTCSatiyorum\KKTCSatiyorum\bin\Debug\net8.0\BusinessLayer.dll' because it is being used by another process. Dosya ┼şunun taraf─▒ndan kilitlendi: "KKTCSatiyorum (24116)" [C:\Users\egeay\source\repos\KKTCSatiyorum\KKTCSatiyorum\KKTCSatiyorum.csproj]
C:\Program Files\dotnet\sdk\9.0.305\Microsoft.Common.CurrentVersion.targets(5093,5): warning MSB3026: "C:\Users\egeay\source\repos\KKTCSatiyorum\EntityLayer\bin\Debug\net8.0\EntityLayer.dll", "bin\Debug\net8.0\EntityLayer.dll" ├╝zerine kopyalanamad─▒. 2 numaral─▒ yeniden denemeye 1000 ms i├ğinde ba┼şlanacak. The process cannot access the file 'C:\Users\egeay\source\repos\KKTCSatiyorum\KKTCSatiyorum\bin\Debug\net8.0\EntityLayer.dll' because it is being used by another process. Dosya ┼şunun taraf─▒ndan kilitlendi: "KKTCSatiyorum (24116)" [C:\Users\egeay\source\repos\KKTCSatiyorum\KKTCSatiyorum\KKTCSatiyorum.csproj]
C:\Program Files\dotnet\sdk\9.0.305\Microsoft.Common.CurrentVersion.targets(5093,5): warning MSB3026: "C:\Users\egeay\source\repos\KKTCSatiyorum\BusinessLayer\bin\Debug\net8.0\BusinessLayer.dll", "bin\Debug\net8.0\BusinessLayer.dll" ├╝zerine kopyalanamad─▒. 2 numaral─▒ yeniden denemeye 1000 ms i├ğinde ba┼şlanacak. The process cannot access the file 'C:\Users\egeay\source\repos\KKTCSatiyorum\KKTCSatiyorum\bin\Debug\net8.0\BusinessLayer.dll' because it is being used by another process. Dosya ┼şunun taraf─▒ndan kilitlendi: "KKTCSatiyorum (24116)" [C:\Users\egeay\source\repos\KKTCSatiyorum\KKTCSatiyorum\KKTCSatiyorum.csproj]
C:\Program Files\dotnet\sdk\9.0.305\Microsoft.Common.CurrentVersion.targets(5093,5): warning MSB3026: "C:\Users\egeay\source\repos\KKTCSatiyorum\DataAccessLayer\bin\Debug\net8.0\DataAccessLayer.dll", "bin\Debug\net8.0\DataAccessLayer.dll" ├╝zerine kopyalanamad─▒. 2 numaral─▒ yeniden denemeye 1000 ms i├ğinde ba┼şlanacak. The process cannot access the file 'C:\Users\egeay\source\repos\KKTCSatiyorum\KKTCSatiyorum\bin\Debug\net8.0\DataAccessLayer.dll' because it is being used by another process. Dosya ┼şunun taraf─▒ndan kilitlendi: "KKTCSatiyorum (24116)" [C:\Users\egeay\source\repos\KKTCSatiyorum\KKTCSatiyorum\KKTCSatiyorum.csproj]
C:\Program Files\dotnet\sdk\9.0.305\Microsoft.Common.CurrentVersion.targets(5093,5): warning MSB3026: "C:\Users\egeay\source\repos\KKTCSatiyorum\BusinessLayer\bin\Debug\net8.0\BusinessLayer.dll", "bin\Debug\net8.0\BusinessLayer.dll" ├╝zerine kopyalanamad─▒. 3 numaral─▒ yeniden denemeye 1000 ms i├ğinde ba┼şlanacak. The process cannot access the file 'C:\Users\egeay\source\repos\KKTCSatiyorum\KKTCSatiyorum\bin\Debug\net8.0\BusinessLayer.dll' because it is being used by another process. Dosya ┼şunun taraf─▒ndan kilitlendi: "KKTCSatiyorum (24116)" [C:\Users\egeay\source\repos\KKTCSatiyorum\KKTCSatiyorum\KKTCSatiyorum.csproj]
C:\Program Files\dotnet\sdk\9.0.305\Microsoft.Common.CurrentVersion.targets(5093,5): warning MSB3026: "C:\Users\egeay\source\repos\KKTCSatiyorum\DataAccessLayer\bin\Debug\net8.0\DataAccessLayer.dll", "bin\Debug\net8.0\DataAccessLayer.dll" ├╝zerine kopyalanamad─▒. 3 numaral─▒ yeniden denemeye 1000 ms i├ğinde ba┼şlanacak. The process cannot access the file 'C:\Users\egeay\source\repos\KKTCSatiyorum\KKTCSatiyorum\bin\Debug\net8.0\DataAccessLayer.dll' because it is being used by another process. Dosya ┼şunun taraf─▒ndan kilitlendi: "KKTCSatiyorum (24116)" [C:\Users\egeay\source\repos\KKTCSatiyorum\KKTCSatiyorum\KKTCSatiyorum.csproj]
C:\Program Files\dotnet\sdk\9.0.305\Microsoft.Common.CurrentVersion.targets(5093,5): warning MSB3026: "C:\Users\egeay\source\repos\KKTCSatiyorum\EntityLayer\bin\Debug\net8.0\EntityLayer.dll", "bin\Debug\net8.0\EntityLayer.dll" ├╝zerine kopyalanamad─▒. 3 numaral─▒ yeniden denemeye 1000 ms i├ğinde ba┼şlanacak. The process cannot access the file 'C:\Users\egeay\source\repos\KKTCSatiyorum\KKTCSatiyorum\bin\Debug\net8.0\EntityLayer.dll' because it is being used by another process. Dosya ┼şunun taraf─▒ndan kilitlendi: "KKTCSatiyorum (24116)" [C:\Users\egeay\source\repos\KKTCSatiyorum\KKTCSatiyorum\KKTCSatiyorum.csproj]
C:\Program Files\dotnet\sdk\9.0.305\Microsoft.Common.CurrentVersion.targets(5093,5): warning MSB3026: "C:\Users\egeay\source\repos\KKTCSatiyorum\EntityLayer\bin\Debug\net8.0\EntityLayer.dll", "bin\Debug\net8.0\EntityLayer.dll" ├╝zerine kopyalanamad─▒. 4 numaral─▒ yeniden denemeye 1000 ms i├ğinde ba┼şlanacak. The process cannot access the file 'C:\Users\egeay\source\repos\KKTCSatiyorum\KKTCSatiyorum\bin\Debug\net8.0\EntityLayer.dll' because it is being used by another process. Dosya ┼şunun taraf─▒ndan kilitlendi: "KKTCSatiyorum (24116)" [C:\Users\egeay\source\repos\KKTCSatiyorum\KKTCSatiyorum\KKTCSatiyorum.csproj]
C:\Program Files\dotnet\sdk\9.0.305\Microsoft.Common.CurrentVersion.targets(5093,5): warning MSB3026: "C:\Users\egeay\source\repos\KKTCSatiyorum\DataAccessLayer\bin\Debug\net8.0\DataAccessLayer.dll", "bin\Debug\net8.0\DataAccessLayer.dll" ├╝zerine kopyalanamad─▒. 4 numaral─▒ yeniden denemeye 1000 ms i├ğinde ba┼şlanacak. The process cannot access the file 'C:\Users\egeay\source\repos\KKTCSatiyorum\KKTCSatiyorum\bin\Debug\net8.0\DataAccessLayer.dll' because it is being used by another process. Dosya ┼şunun taraf─▒ndan kilitlendi: "KKTCSatiyorum (24116)" [C:\Users\egeay\source\repos\KKTCSatiyorum\KKTCSatiyorum\KKTCSatiyorum.csproj]
C:\Program Files\dotnet\sdk\9.0.305\Microsoft.Common.CurrentVersion.targets(5093,5): warning MSB3026: "C:\Users\egeay\source\repos\KKTCSatiyorum\BusinessLayer\bin\Debug\net8.0\BusinessLayer.dll", "bin\Debug\net8.0\BusinessLayer.dll" ├╝zerine kopyalanamad─▒. 4 numaral─▒ yeniden denemeye 1000 ms i├ğinde ba┼şlanacak. The process cannot access the file 'C:\Users\egeay\source\repos\KKTCSatiyorum\KKTCSatiyorum\bin\Debug\net8.0\BusinessLayer.dll' because it is being used by another process. Dosya ┼şunun taraf─▒ndan kilitlendi: "KKTCSatiyorum (24116)" [C:\Users\egeay\source\repos\KKTCSatiyorum\KKTCSatiyorum\KKTCSatiyorum.csproj]
C:\Program Files\dotnet\sdk\9.0.305\Microsoft.Common.CurrentVersion.targets(5093,5): warning MSB3026: "C:\Users\egeay\source\repos\KKTCSatiyorum\BusinessLayer\bin\Debug\net8.0\BusinessLayer.dll", "bin\Debug\net8.0\BusinessLayer.dll" ├╝zerine kopyalanamad─▒. 5 numaral─▒ yeniden denemeye 1000 ms i├ğinde ba┼şlanacak. The process cannot access the file 'C:\Users\egeay\source\repos\KKTCSatiyorum\KKTCSatiyorum\bin\Debug\net8.0\BusinessLayer.dll' because it is being used by another process. Dosya ┼şunun taraf─▒ndan kilitlendi: "KKTCSatiyorum (24116)" [C:\Users\egeay\source\repos\KKTCSatiyorum\KKTCSatiyorum\KKTCSatiyorum.csproj]
C:\Program Files\dotnet\sdk\9.0.305\Microsoft.Common.CurrentVersion.targets(5093,5): warning MSB3026: "C:\Users\egeay\source\repos\KKTCSatiyorum\EntityLayer\bin\Debug\net8.0\EntityLayer.dll", "bin\Debug\net8.0\EntityLayer.dll" ├╝zerine kopyalanamad─▒. 5 numaral─▒ yeniden denemeye 1000 ms i├ğinde ba┼şlanacak. The process cannot access the file 'C:\Users\egeay\source\repos\KKTCSatiyorum\KKTCSatiyorum\bin\Debug\net8.0\EntityLayer.dll' because it is being used by another process. Dosya ┼şunun taraf─▒ndan kilitlendi: "KKTCSatiyorum (24116)" [C:\Users\egeay\source\repos\KKTCSatiyorum\KKTCSatiyorum\KKTCSatiyorum.csproj]
C:\Program Files\dotnet\sdk\9.0.305\Microsoft.Common.CurrentVersion.targets(5093,5): warning MSB3026: "C:\Users\egeay\source\repos\KKTCSatiyorum\DataAccessLayer\bin\Debug\net8.0\DataAccessLayer.dll", "bin\Debug\net8.0\DataAccessLayer.dll" ├╝zerine kopyalanamad─▒. 5 numaral─▒ yeniden denemeye 1000 ms i├ğinde ba┼şlanacak. The process cannot access the file 'C:\Users\egeay\source\repos\KKTCSatiyorum\KKTCSatiyorum\bin\Debug\net8.0\DataAccessLayer.dll' because it is being used by another process. Dosya ┼şunun taraf─▒ndan kilitlendi: "KKTCSatiyorum (24116)" [C:\Users\egeay\source\repos\KKTCSatiyorum\KKTCSatiyorum\KKTCSatiyorum.csproj]
C:\Program Files\dotnet\sdk\9.0.305\Microsoft.Common.CurrentVersion.targets(5093,5): warning MSB3026: "C:\Users\egeay\source\repos\KKTCSatiyorum\EntityLayer\bin\Debug\net8.0\EntityLayer.dll", "bin\Debug\net8.0\EntityLayer.dll" ├╝zerine kopyalanamad─▒. 6 numaral─▒ yeniden denemeye 1000 ms i├ğinde ba┼şlanacak. The process cannot access the file 'C:\Users\egeay\source\repos\KKTCSatiyorum\KKTCSatiyorum\bin\Debug\net8.0\EntityLayer.dll' because it is being used by another process. Dosya ┼şunun taraf─▒ndan kilitlendi: "KKTCSatiyorum (24116)" [C:\Users\egeay\source\repos\KKTCSatiyorum\KKTCSatiyorum\KKTCSatiyorum.csproj]
C:\Program Files\dotnet\sdk\9.0.305\Microsoft.Common.CurrentVersion.targets(5093,5): warning MSB3026: "C:\Users\egeay\source\repos\KKTCSatiyorum\DataAccessLayer\bin\Debug\net8.0\DataAccessLayer.dll", "bin\Debug\net8.0\DataAccessLayer.dll" ├╝zerine kopyalanamad─▒. 6 numaral─▒ yeniden denemeye 1000 ms i├ğinde ba┼şlanacak. The process cannot access the file 'C:\Users\egeay\source\repos\KKTCSatiyorum\KKTCSatiyorum\bin\Debug\net8.0\DataAccessLayer.dll' because it is being used by another process. Dosya ┼şunun taraf─▒ndan kilitlendi: "KKTCSatiyorum (24116)" [C:\Users\egeay\source\repos\KKTCSatiyorum\KKTCSatiyorum\KKTCSatiyorum.csproj]
C:\Program Files\dotnet\sdk\9.0.305\Microsoft.Common.CurrentVersion.targets(5093,5): warning MSB3026: "C:\Users\egeay\source\repos\KKTCSatiyorum\BusinessLayer\bin\Debug\net8.0\BusinessLayer.dll", "bin\Debug\net8.0\BusinessLayer.dll" ├╝zerine kopyalanamad─▒. 6 numaral─▒ yeniden denemeye 1000 ms i├ğinde ba┼şlanacak. The process cannot access the file 'C:\Users\egeay\source\repos\KKTCSatiyorum\KKTCSatiyorum\bin\Debug\net8.0\BusinessLayer.dll' because it is being used by another process. Dosya ┼şunun taraf─▒ndan kilitlendi: "KKTCSatiyorum (24116)" [C:\Users\egeay\source\repos\KKTCSatiyorum\KKTCSatiyorum\KKTCSatiyorum.csproj]
C:\Program Files\dotnet\sdk\9.0.305\Microsoft.Common.CurrentVersion.targets(5093,5): warning MSB3026: "C:\Users\egeay\source\repos\KKTCSatiyorum\EntityLayer\bin\Debug\net8.0\EntityLayer.dll", "bin\Debug\net8.0\EntityLayer.dll" ├╝zerine kopyalanamad─▒. 7 numaral─▒ yeniden denemeye 1000 ms i├ğinde ba┼şlanacak. The process cannot access the file 'C:\Users\egeay\source\repos\KKTCSatiyorum\KKTCSatiyorum\bin\Debug\net8.0\EntityLayer.dll' because it is being used by another process. Dosya ┼şunun taraf─▒ndan kilitlendi: "KKTCSatiyorum (24116)" [C:\Users\egeay\source\repos\KKTCSatiyorum\KKTCSatiyorum\KKTCSatiyorum.csproj]
C:\Program Files\dotnet\sdk\9.0.305\Microsoft.Common.CurrentVersion.targets(5093,5): warning MSB3026: "C:\Users\egeay\source\repos\KKTCSatiyorum\DataAccessLayer\bin\Debug\net8.0\DataAccessLayer.dll", "bin\Debug\net8.0\DataAccessLayer.dll" ├╝zerine kopyalanamad─▒. 7 numaral─▒ yeniden denemeye 1000 ms i├ğinde ba┼şlanacak. The process cannot access the file 'C:\Users\egeay\source\repos\KKTCSatiyorum\KKTCSatiyorum\bin\Debug\net8.0\DataAccessLayer.dll' because it is being used by another process. Dosya ┼şunun taraf─▒ndan kilitlendi: "KKTCSatiyorum (24116)" [C:\Users\egeay\source\repos\KKTCSatiyorum\KKTCSatiyorum\KKTCSatiyorum.csproj]
C:\Program Files\dotnet\sdk\9.0.305\Microsoft.Common.CurrentVersion.targets(5093,5): warning MSB3026: "C:\Users\egeay\source\repos\KKTCSatiyorum\BusinessLayer\bin\Debug\net8.0\BusinessLayer.dll", "bin\Debug\net8.0\BusinessLayer.dll" ├╝zerine kopyalanamad─▒. 7 numaral─▒ yeniden denemeye 1000 ms i├ğinde ba┼şlanacak. The process cannot access the file 'C:\Users\egeay\source\repos\KKTCSatiyorum\KKTCSatiyorum\bin\Debug\net8.0\BusinessLayer.dll' because it is being used by another process. Dosya ┼şunun taraf─▒ndan kilitlendi: "KKTCSatiyorum (24116)" [C:\Users\egeay\source\repos\KKTCSatiyorum\KKTCSatiyorum\KKTCSatiyorum.csproj]
C:\Program Files\dotnet\sdk\9.0.305\Microsoft.Common.CurrentVersion.targets(5093,5): warning MSB3026: "C:\Users\egeay\source\repos\KKTCSatiyorum\DataAccessLayer\bin\Debug\net8.0\DataAccessLayer.dll", "bin\Debug\net8.0\DataAccessLayer.dll" ├╝zerine kopyalanamad─▒. 8 numaral─▒ yeniden denemeye 1000 ms i├ğinde ba┼şlanacak. The process cannot access the file 'C:\Users\egeay\source\repos\KKTCSatiyorum\KKTCSatiyorum\bin\Debug\net8.0\DataAccessLayer.dll' because it is being used by another process. Dosya ┼şunun taraf─▒ndan kilitlendi: "KKTCSatiyorum (24116)" [C:\Users\egeay\source\repos\KKTCSatiyorum\KKTCSatiyorum\KKTCSatiyorum.csproj]
C:\Program Files\dotnet\sdk\9.0.305\Microsoft.Common.CurrentVersion.targets(5093,5): warning MSB3026: "C:\Users\egeay\source\repos\KKTCSatiyorum\BusinessLayer\bin\Debug\net8.0\BusinessLayer.dll", "bin\Debug\net8.0\BusinessLayer.dll" ├╝zerine kopyalanamad─▒. 8 numaral─▒ yeniden denemeye 1000 ms i├ğinde ba┼şlanacak. The process cannot access the file 'C:\Users\egeay\source\repos\KKTCSatiyorum\KKTCSatiyorum\bin\Debug\net8.0\BusinessLayer.dll' because it is being used by another process. Dosya ┼şunun taraf─▒ndan kilitlendi: "KKTCSatiyorum (24116)" [C:\Users\egeay\source\repos\KKTCSatiyorum\KKTCSatiyorum\KKTCSatiyorum.csproj]
C:\Program Files\dotnet\sdk\9.0.305\Microsoft.Common.CurrentVersion.targets(5093,5): warning MSB3026: "C:\Users\egeay\source\repos\KKTCSatiyorum\EntityLayer\bin\Debug\net8.0\EntityLayer.dll", "bin\Debug\net8.0\EntityLayer.dll" ├╝zerine kopyalanamad─▒. 8 numaral─▒ yeniden denemeye 1000 ms i├ğinde ba┼şlanacak. The process cannot access the file 'C:\Users\egeay\source\repos\KKTCSatiyorum\KKTCSatiyorum\bin\Debug\net8.0\EntityLayer.dll' because it is being used by another process. Dosya ┼şunun taraf─▒ndan kilitlendi: "KKTCSatiyorum (24116)" [C:\Users\egeay\source\repos\KKTCSatiyorum\KKTCSatiyorum\KKTCSatiyorum.csproj]
C:\Program Files\dotnet\sdk\9.0.305\Microsoft.Common.CurrentVersion.targets(5093,5): warning MSB3026: "C:\Users\egeay\source\repos\KKTCSatiyorum\BusinessLayer\bin\Debug\net8.0\BusinessLayer.dll", "bin\Debug\net8.0\BusinessLayer.dll" ├╝zerine kopyalanamad─▒. 9 numaral─▒ yeniden denemeye 1000 ms i├ğinde ba┼şlanacak. The process cannot access the file 'C:\Users\egeay\source\repos\KKTCSatiyorum\KKTCSatiyorum\bin\Debug\net8.0\BusinessLayer.dll' because it is being used by another process. Dosya ┼şunun taraf─▒ndan kilitlendi: "KKTCSatiyorum (24116)" [C:\Users\egeay\source\repos\KKTCSatiyorum\KKTCSatiyorum\KKTCSatiyorum.csproj]
C:\Program Files\dotnet\sdk\9.0.305\Microsoft.Common.CurrentVersion.targets(5093,5): warning MSB3026: "C:\Users\egeay\source\repos\KKTCSatiyorum\DataAccessLayer\bin\Debug\net8.0\DataAccessLayer.dll", "bin\Debug\net8.0\DataAccessLayer.dll" ├╝zerine kopyalanamad─▒. 9 numaral─▒ yeniden denemeye 1000 ms i├ğinde ba┼şlanacak. The process cannot access the file 'C:\Users\egeay\source\repos\KKTCSatiyorum\KKTCSatiyorum\bin\Debug\net8.0\DataAccessLayer.dll' because it is being used by another process. Dosya ┼şunun taraf─▒ndan kilitlendi: "KKTCSatiyorum (24116)" [C:\Users\egeay\source\repos\KKTCSatiyorum\KKTCSatiyorum\KKTCSatiyorum.csproj]
C:\Program Files\dotnet\sdk\9.0.305\Microsoft.Common.CurrentVersion.targets(5093,5): warning MSB3026: "C:\Users\egeay\source\repos\KKTCSatiyorum\EntityLayer\bin\Debug\net8.0\EntityLayer.dll", "bin\Debug\net8.0\EntityLayer.dll" ├╝zerine kopyalanamad─▒. 9 numaral─▒ yeniden denemeye 1000 ms i├ğinde ba┼şlanacak. The process cannot access the file 'C:\Users\egeay\source\repos\KKTCSatiyorum\KKTCSatiyorum\bin\Debug\net8.0\EntityLayer.dll' because it is being used by another process. Dosya ┼şunun taraf─▒ndan kilitlendi: "KKTCSatiyorum (24116)" [C:\Users\egeay\source\repos\KKTCSatiyorum\KKTCSatiyorum\KKTCSatiyorum.csproj]
C:\Program Files\dotnet\sdk\9.0.305\Microsoft.Common.CurrentVersion.targets(5093,5): warning MSB3026: "C:\Users\egeay\source\repos\KKTCSatiyorum\DataAccessLayer\bin\Debug\net8.0\DataAccessLayer.dll", "bin\Debug\net8.0\DataAccessLayer.dll" ├╝zerine kopyalanamad─▒. 10 numaral─▒ yeniden denemeye 1000 ms i├ğinde ba┼şlanacak. The process cannot access the file 'C:\Users\egeay\source\repos\KKTCSatiyorum\KKTCSatiyorum\bin\Debug\net8.0\DataAccessLayer.dll' because it is being used by another process. Dosya ┼şunun taraf─▒ndan kilitlendi: "KKTCSatiyorum (24116)" [C:\Users\egeay\source\repos\KKTCSatiyorum\KKTCSatiyorum\KKTCSatiyorum.csproj]
C:\Program Files\dotnet\sdk\9.0.305\Microsoft.Common.CurrentVersion.targets(5093,5): warning MSB3026: "C:\Users\egeay\source\repos\KKTCSatiyorum\BusinessLayer\bin\Debug\net8.0\BusinessLayer.dll", "bin\Debug\net8.0\BusinessLayer.dll" ├╝zerine kopyalanamad─▒. 10 numaral─▒ yeniden denemeye 1000 ms i├ğinde ba┼şlanacak. The process cannot access the file 'C:\Users\egeay\source\repos\KKTCSatiyorum\KKTCSatiyorum\bin\Debug\net8.0\BusinessLayer.dll' because it is being used by another process. Dosya ┼şunun taraf─▒ndan kilitlendi: "KKTCSatiyorum (24116)" [C:\Users\egeay\source\repos\KKTCSatiyorum\KKTCSatiyorum\KKTCSatiyorum.csproj]
C:\Program Files\dotnet\sdk\9.0.305\Microsoft.Common.CurrentVersion.targets(5093,5): warning MSB3026: "C:\Users\egeay\source\repos\KKTCSatiyorum\EntityLayer\bin\Debug\net8.0\EntityLayer.dll", "bin\Debug\net8.0\EntityLayer.dll" ├╝zerine kopyalanamad─▒. 10 numaral─▒ yeniden denemeye 1000 ms i├ğinde ba┼şlanacak. The process cannot access the file 'C:\Users\egeay\source\repos\KKTCSatiyorum\KKTCSatiyorum\bin\Debug\net8.0\EntityLayer.dll' because it is being used by another process. Dosya ┼şunun taraf─▒ndan kilitlendi: "KKTCSatiyorum (24116)" [C:\Users\egeay\source\repos\KKTCSatiyorum\KKTCSatiyorum\KKTCSatiyorum.csproj]
C:\Program Files\dotnet\sdk\9.0.305\Microsoft.Common.CurrentVersion.targets(5093,5): error MSB3027: "C:\Users\egeay\source\repos\KKTCSatiyorum\DataAccessLayer\bin\Debug\net8.0\DataAccessLayer.dll", "bin\Debug\net8.0\DataAccessLayer.dll" ├╝zerine kopyalanamad─▒. 10 yeniden deneme say─▒s─▒ a┼ş─▒ld─▒. Ba┼şar─▒s─▒z oldu. Dosya ┼şunun taraf─▒ndan kilitlendi: "KKTCSatiyorum (24116)" [C:\Users\egeay\source\repos\KKTCSatiyorum\KKTCSatiyorum\KKTCSatiyorum.csproj]
C:\Program Files\dotnet\sdk\9.0.305\Microsoft.Common.CurrentVersion.targets(5093,5): error MSB3027: "C:\Users\egeay\source\repos\KKTCSatiyorum\EntityLayer\bin\Debug\net8.0\EntityLayer.dll", "bin\Debug\net8.0\EntityLayer.dll" ├╝zerine kopyalanamad─▒. 10 yeniden deneme say─▒s─▒ a┼ş─▒ld─▒. Ba┼şar─▒s─▒z oldu. Dosya ┼şunun taraf─▒ndan kilitlendi: "KKTCSatiyorum (24116)" [C:\Users\egeay\source\repos\KKTCSatiyorum\KKTCSatiyorum\KKTCSatiyorum.csproj]
C:\Program Files\dotnet\sdk\9.0.305\Microsoft.Common.CurrentVersion.targets(5093,5): error MSB3021: "C:\Users\egeay\source\repos\KKTCSatiyorum\DataAccessLayer\bin\Debug\net8.0\DataAccessLayer.dll" dosyas─▒ "bin\Debug\net8.0\DataAccessLayer.dll" ├╝zerine kopyalanam─▒yor. The process cannot access the file 'C:\Users\egeay\source\repos\KKTCSatiyorum\KKTCSatiyorum\bin\Debug\net8.0\DataAccessLayer.dll' because it is being used by another process. [C:\Users\egeay\source\repos\KKTCSatiyorum\KKTCSatiyorum\KKTCSatiyorum.csproj]
C:\Program Files\dotnet\sdk\9.0.305\Microsoft.Common.CurrentVersion.targets(5093,5): error MSB3021: "C:\Users\egeay\source\repos\KKTCSatiyorum\EntityLayer\bin\Debug\net8.0\EntityLayer.dll" dosyas─▒ "bin\Debug\net8.0\EntityLayer.dll" ├╝zerine kopyalanam─▒yor. The process cannot access the file 'C:\Users\egeay\source\repos\KKTCSatiyorum\KKTCSatiyorum\bin\Debug\net8.0\EntityLayer.dll' because it is being used by another process. [C:\Users\egeay\source\repos\KKTCSatiyorum\KKTCSatiyorum\KKTCSatiyorum.csproj]
C:\Program Files\dotnet\sdk\9.0.305\Microsoft.Common.CurrentVersion.targets(5093,5): error MSB3027: "C:\Users\egeay\source\repos\KKTCSatiyorum\BusinessLayer\bin\Debug\net8.0\BusinessLayer.dll", "bin\Debug\net8.0\BusinessLayer.dll" ├╝zerine kopyalanamad─▒. 10 yeniden deneme say─▒s─▒ a┼ş─▒ld─▒. Ba┼şar─▒s─▒z oldu. Dosya ┼şunun taraf─▒ndan kilitlendi: "KKTCSatiyorum (24116)" [C:\Users\egeay\source\repos\KKTCSatiyorum\KKTCSatiyorum\KKTCSatiyorum.csproj]
C:\Program Files\dotnet\sdk\9.0.305\Microsoft.Common.CurrentVersion.targets(5093,5): error MSB3021: "C:\Users\egeay\source\repos\KKTCSatiyorum\BusinessLayer\bin\Debug\net8.0\BusinessLayer.dll" dosyas─▒ "bin\Debug\net8.0\BusinessLayer.dll" ├╝zerine kopyalanam─▒yor. The process cannot access the file 'C:\Users\egeay\source\repos\KKTCSatiyorum\KKTCSatiyorum\bin\Debug\net8.0\BusinessLayer.dll' because it is being used by another process. [C:\Users\egeay\source\repos\KKTCSatiyorum\KKTCSatiyorum\KKTCSatiyorum.csproj]
    30 Uyar─▒
    6 Hata

Ge├ğen S├╝re 00:00:14.98
